> Task :core:checkKotlinGradlePluginConfigurationErrors SKIPPED
> Task :core:preBuild UP-TO-DATE
> Task :core:preDebugBuild UP-TO-DATE
> Task :core:generateDebugResValues UP-TO-DATE
> Task :core:generateDebugResources UP-TO-DATE
> Task :core:packageDebugResources UP-TO-DATE
> Task :core:parseDebugLocalResources UP-TO-DATE
> Task :core:generateDebugRFile UP-TO-DATE

> Task :core:compileDebugKotlin FAILED
.\gradlew.bat : e: file:///C:
/Users/chait/Projects/Offline
%20games/core/src/main/java/c
om/offlinegames/core/Reducer.
kt:59:25 Argument type 
mismatch: actual type is 
'S', but 'kotlin.Any' was 
expected.
At line:1 char:1
+ .\gradlew.bat 
:core:compileDebugKotlin > 
build_output.txt 2>&1
+ ~~~~~~~~~~~~~~~~~~~~~~~~~~~
~~~~~~~~~~~~~~~~~~~~~~~~~~~~~
~~~~~~
    + CategoryInfo           
   : NotSpecified: (e: file  
  :///C:/U...' was expecte   
 d.:String) [], RemoteExc    
eption
    + FullyQualifiedErrorId  
   : NativeCommandError
 

FAILURE: Build failed with 
an exception.

* What went wrong:
Execution failed for task 
':core:compileDebugKotlin'.
> A failure occurred while 
executing org.jetbrains.kotli
n.compilerRunner.GradleCompil
erRunnerWithWorkers$GradleKot
linCompilerWorkAction
   > Compilation error. See 
log for more details

* Try:
> Run with --stacktrace 
option to get the stack 
trace.
> Run with --info or --debug 
option to get more log 
output.
> Run with --scan to get 
full insights.
> Get more help at 
https://help.gradle.org.

BUILD FAILED in 5s
6 actionable tasks: 1 executed, 5 up-to-date
