To honour the JVM settings for this build a single-use Daemon process will be forked. For more on this, please refer to https://docs.gradle.org/9.0-milestone-1/userguide/gradle_daemon.html#sec:disabling_the_daemon in the Gradle documentation.
Daemon will be stopped at the end of the build 
> Task :ai:checkKotlinGradlePluginConfigurationErrors SKIPPED
> Task :ai:preBuild UP-TO-DATE
> Task :ai:preDebugBuild UP-TO-DATE
> Task :ai:generateDebugResValues UP-TO-DATE
> Task :ai:generateDebugResources UP-TO-DATE
> Task :ai:packageDebugResources UP-TO-DATE
> Task :ai:parseDebugLocalResources UP-TO-DATE
> Task :ai:generateDebugRFile UP-TO-DATE
> Task :core:checkKotlinGradlePluginConfigurationErrors SKIPPED
> Task :core:preBuild UP-TO-DATE
> Task :core:preDebugBuild UP-TO-DATE
> Task :core:generateDebugResValues UP-TO-DATE
> Task :core:generateDebugResources UP-TO-DATE
> Task :core:packageDebugResources UP-TO-DATE
> Task :core:parseDebugLocalResources UP-TO-DATE
> Task :core:generateDebugRFile UP-TO-DATE
> Task :core:compileDebugKotlin UP-TO-DATE
> Task :core:javaPreCompileDebug UP-TO-DATE
> Task :core:compileDebugJavaWithJavac NO-SOURCE
> Task :core:bundleLibCompileToJarDebug UP-TO-DATE
> Task :ai:compileDebugKotlin UP-TO-DATE
> Task :ai:javaPreCompileDebug UP-TO-DATE
> Task :ai:compileDebugJavaWithJavac NO-SOURCE
> Task :ai:bundleLibRuntimeToJarDebug UP-TO-DATE
> Task :ai:processDebugJavaRes UP-TO-DATE
> Task :core:bundleLibRuntimeToJarDebug UP-TO-DATE
> Task :core:processDebugJavaRes UP-TO-DATE
> Task :engine:checkKotlinGradlePluginConfigurationErrors SKIPPED
> Task :engine:preBuild UP-TO-DATE
> Task :engine:preDebugBuild UP-TO-DATE
> Task :engine:generateDebugResValues UP-TO-DATE
> Task :engine:generateDebugResources UP-TO-DATE
> Task :engine:packageDebugResources UP-TO-DATE
> Task :engine:parseDebugLocalResources UP-TO-DATE
> Task :engine:generateDebugRFile UP-TO-DATE
> Task :engine:compileDebugKotlin UP-TO-DATE
> Task :engine:javaPreCompileDebug UP-TO-DATE
> Task :engine:compileDebugJavaWithJavac NO-SOURCE
> Task :engine:bundleLibRuntimeToJarDebug UP-TO-DATE
> Task :engine:processDebugJavaRes UP-TO-DATE
> Task :ai:bundleLibCompileToJarDebug UP-TO-DATE
> Task :engine:bundleLibCompileToJarDebug UP-TO-DATE
> Task :games:checkKotlinGradlePluginConfigurationErrors SKIPPED
> Task :games:preBuild UP-TO-DATE
> Task :games:preDebugBuild UP-TO-DATE
> Task :games:generateDebugResValues UP-TO-DATE
> Task :games:generateDebugResources UP-TO-DATE
> Task :games:packageDebugResources UP-TO-DATE
> Task :games:parseDebugLocalResources UP-TO-DATE
> Task :games:generateDebugRFile UP-TO-DATE
> Task :persistence:checkKotlinGradlePluginConfigurationErrors SKIPPED
> Task :persistence:preBuild UP-TO-DATE
> Task :persistence:preDebugBuild UP-TO-DATE
> Task :persistence:generateDebugResValues UP-TO-DATE
> Task :persistence:generateDebugResources UP-TO-DATE
> Task :persistence:packageDebugResources UP-TO-DATE
> Task :persistence:parseDebugLocalResources UP-TO-DATE
> Task :persistence:generateDebugRFile UP-TO-DATE
> Task :persistence:compileDebugKotlin UP-TO-DATE
> Task :persistence:javaPreCompileDebug UP-TO-DATE
> Task :persistence:compileDebugJavaWithJavac NO-SOURCE
> Task :persistence:bundleLibCompileToJarDebug UP-TO-DATE
> Task :games:compileDebugKotlin UP-TO-DATE
> Task :games:javaPreCompileDebug UP-TO-DATE
> Task :games:compileDebugJavaWithJavac NO-SOURCE
> Task :games:bundleLibRuntimeToJarDebug UP-TO-DATE
> Task :games:bundleLibCompileToJarDebug UP-TO-DATE
> Task :games:preDebugUnitTestBuild UP-TO-DATE
> Task :games:generateDebugUnitTestStubRFile UP-TO-DATE
> Task :games:compileDebugUnitTestKotlin UP-TO-DATE
> Task :games:javaPreCompileDebugUnitTest UP-TO-DATE
> Task :games:compileDebugUnitTestJavaWithJavac NO-SOURCE
> Task :games:processDebugJavaRes UP-TO-DATE
> Task :games:processDebugUnitTestJavaRes UP-TO-DATE
> Task :persistence:bundleLibRuntimeToJarDebug UP-TO-DATE
> Task :persistence:processDebugJavaRes UP-TO-DATE
.\gradlew.bat : Could not write standard input to Gradle Test Executor 1.
At line:1 char:1
+ .\gradlew.bat :games:testDebugUnitTest --no-daemon --stacktrace 2>&1  ...
+ ~~~~~~~~~~~~~~~~~~~~~~~~~~~~~~~~~~~~~~~~~~~~~~~~~~~~~~~~~~~~~~~~~~~~
    + CategoryInfo          : NotSpecified: (Could not write...est Executor 1.:String) [], RemoteExceptio 
   n
    + FullyQualifiedErrorId : NativeCommandError
 
java.io.IOException: The pipe is being closed
	at java.base/java.io.FileOutputStream.writeBytes(Native Method)
	at java.base/java.io.FileOutputStream.implWriteBytes(Unknown Source)
	at java.base/java.io.FileOutputStream.write(Unknown Source)
	at java.base/java.io.BufferedOutputStream.flushBuffer(Unknown Source)
	at java.base/java.io.BufferedOutputStream.implFlush(Unknown Source)
	at java.base/java.io.BufferedOutputStream.flush(Unknown Source)
	at org.gradle.process.internal.streams.ExecOutputHandleRunner.writeBuffer(ExecOutputHandleRunner.java:98)
	at 
org.gradle.process.internal.streams.ExecOutputHandleRunner.forwardContent(ExecOutputHandleRunner.java:85)
	at org.gradle.process.internal.streams.ExecOutputHandleRunner.run(ExecOutputHandleRunner.java:64)
	at org.gradle.internal.concurrent.ExecutorPolicy$CatchAndRecordFailures.onExecute(ExecutorPolicy.java:64)
	at org.gradle.internal.concurrent.AbstractManagedExecutor$1.run(AbstractManagedExecutor.java:47)
	at java.base/java.util.concurrent.ThreadPoolExecutor.runWorker(Unknown Source)
	at java.base/java.util.concurrent.ThreadPoolExecutor$Worker.run(Unknown Source)
	at java.base/java.lang.Thread.run(Unknown Source)
Could not write standard input to Gradle Test Executor 2.
java.io.IOException: The pipe is being closed
	at java.base/java.io.FileOutputStream.writeBytes(Native Method)
	at java.base/java.io.FileOutputStream.implWriteBytes(Unknown Source)
	at java.base/java.io.FileOutputStream.write(Unknown Source)
	at java.base/java.io.BufferedOutputStream.flushBuffer(Unknown Source)
	at java.base/java.io.BufferedOutputStream.implFlush(Unknown Source)
	at java.base/java.io.BufferedOutputStream.flush(Unknown Source)
	at org.gradle.process.internal.streams.ExecOutputHandleRunner.writeBuffer(ExecOutputHandleRunner.java:98)
	at 
org.gradle.process.internal.streams.ExecOutputHandleRunner.forwardContent(ExecOutputHandleRunner.java:85)
	at org.gradle.process.internal.streams.ExecOutputHandleRunner.run(ExecOutputHandleRunner.java:64)
	at org.gradle.internal.concurrent.ExecutorPolicy$CatchAndRecordFailures.onExecute(ExecutorPolicy.java:64)
	at org.gradle.internal.concurrent.AbstractManagedExecutor$1.run(AbstractManagedExecutor.java:47)
	at java.base/java.util.concurrent.ThreadPoolExecutor.runWorker(Unknown Source)
	at java.base/java.util.concurrent.ThreadPoolExecutor$Worker.run(Unknown Source)
	at java.base/java.lang.Thread.run(Unknown Source)
Could not write standard input to Gradle Test Executor 3.
java.io.IOException: The pipe is being closed
	at java.base/java.io.FileOutputStream.writeBytes(Native Method)
	at java.base/java.io.FileOutputStream.implWriteBytes(Unknown Source)
	at java.base/java.io.FileOutputStream.write(Unknown Source)
	at java.base/java.io.BufferedOutputStream.flushBuffer(Unknown Source)
	at java.base/java.io.BufferedOutputStream.implFlush(Unknown Source)
	at java.base/java.io.BufferedOutputStream.flush(Unknown Source)
	at org.gradle.process.internal.streams.ExecOutputHandleRunner.writeBuffer(ExecOutputHandleRunner.java:98)
	at 
org.gradle.process.internal.streams.ExecOutputHandleRunner.forwardContent(ExecOutputHandleRunner.java:85)
	at org.gradle.process.internal.streams.ExecOutputHandleRunner.run(ExecOutputHandleRunner.java:64)
	at org.gradle.internal.concurrent.ExecutorPolicy$CatchAndRecordFailures.onExecute(ExecutorPolicy.java:64)
	at org.gradle.internal.concurrent.AbstractManagedExecutor$1.run(AbstractManagedExecutor.java:47)
	at java.base/java.util.concurrent.ThreadPoolExecutor.runWorker(Unknown Source)
	at java.base/java.util.concurrent.ThreadPoolExecutor$Worker.run(Unknown Source)
	at java.base/java.lang.Thread.run(Unknown Source)
Could not write standard input to Gradle Test Executor 4.
java.io.IOException: The pipe is being closed
	at java.base/java.io.FileOutputStream.writeBytes(Native Method)
	at java.base/java.io.FileOutputStream.implWriteBytes(Unknown Source)
	at java.base/java.io.FileOutputStream.write(Unknown Source)
	at java.base/java.io.BufferedOutputStream.flushBuffer(Unknown Source)
	at java.base/java.io.BufferedOutputStream.implFlush(Unknown Source)
	at java.base/java.io.BufferedOutputStream.flush(Unknown Source)
	at org.gradle.process.internal.streams.ExecOutputHandleRunner.writeBuffer(ExecOutputHandleRunner.java:98)
	at 
org.gradle.process.internal.streams.ExecOutputHandleRunner.forwardContent(ExecOutputHandleRunner.java:85)
	at org.gradle.process.internal.streams.ExecOutputHandleRunner.run(ExecOutputHandleRunner.java:64)
	at org.gradle.internal.concurrent.ExecutorPolicy$CatchAndRecordFailures.onExecute(ExecutorPolicy.java:64)
	at org.gradle.internal.concurrent.AbstractManagedExecutor$1.run(AbstractManagedExecutor.java:47)
	at java.base/java.util.concurrent.ThreadPoolExecutor.runWorker(Unknown Source)
	at java.base/java.util.concurrent.ThreadPoolExecutor$Worker.run(Unknown Source)
	at java.base/java.lang.Thread.run(Unknown Source)
Could not write standard input to Gradle Test Executor 5.
java.io.IOException: The pipe is being closed
	at java.base/java.io.FileOutputStream.writeBytes(Native Method)
	at java.base/java.io.FileOutputStream.implWriteBytes(Unknown Source)
	at java.base/java.io.FileOutputStream.write(Unknown Source)
	at java.base/java.io.BufferedOutputStream.flushBuffer(Unknown Source)
	at java.base/java.io.BufferedOutputStream.implFlush(Unknown Source)
	at java.base/java.io.BufferedOutputStream.flush(Unknown Source)
	at org.gradle.process.internal.streams.ExecOutputHandleRunner.writeBuffer(ExecOutputHandleRunner.java:98)
	at 
org.gradle.process.internal.streams.ExecOutputHandleRunner.forwardContent(ExecOutputHandleRunner.java:85)
	at org.gradle.process.internal.streams.ExecOutputHandleRunner.run(ExecOutputHandleRunner.java:64)
	at org.gradle.internal.concurrent.ExecutorPolicy$CatchAndRecordFailures.onExecute(ExecutorPolicy.java:64)
	at org.gradle.internal.concurrent.AbstractManagedExecutor$1.run(AbstractManagedExecutor.java:47)
	at java.base/java.util.concurrent.ThreadPoolExecutor.runWorker(Unknown Source)
	at java.base/java.util.concurrent.ThreadPoolExecutor$Worker.run(Unknown Source)
	at java.base/java.lang.Thread.run(Unknown Source)
Could not write standard input to Gradle Test Executor 6.
java.io.IOException: The pipe is being closed
	at java.base/java.io.FileOutputStream.writeBytes(Native Method)
	at java.base/java.io.FileOutputStream.implWriteBytes(Unknown Source)
	at java.base/java.io.FileOutputStream.write(Unknown Source)
	at java.base/java.io.BufferedOutputStream.flushBuffer(Unknown Source)
	at java.base/java.io.BufferedOutputStream.implFlush(Unknown Source)
	at java.base/java.io.BufferedOutputStream.flush(Unknown Source)
	at org.gradle.process.internal.streams.ExecOutputHandleRunner.writeBuffer(ExecOutputHandleRunner.java:98)
	at 
org.gradle.process.internal.streams.ExecOutputHandleRunner.forwardContent(ExecOutputHandleRunner.java:85)
	at org.gradle.process.internal.streams.ExecOutputHandleRunner.run(ExecOutputHandleRunner.java:64)
	at org.gradle.internal.concurrent.ExecutorPolicy$CatchAndRecordFailures.onExecute(ExecutorPolicy.java:64)
	at org.gradle.internal.concurrent.AbstractManagedExecutor$1.run(AbstractManagedExecutor.java:47)
	at java.base/java.util.concurrent.ThreadPoolExecutor.runWorker(Unknown Source)
	at java.base/java.util.concurrent.ThreadPoolExecutor$Worker.run(Unknown Source)
	at java.base/java.lang.Thread.run(Unknown Source)

> Task :games:testDebugUnitTest FAILED
Error: Could not find or load main class Files
Caused by: java.lang.ClassNotFoundException: Files
Error: Could not find or load main class Files
Caused by: java.lang.ClassNotFoundException: Files
Process 'Gradle Test Executor 2' finished with non-zero exit value 1
org.gradle.process.internal.ExecException: Process 'Gradle Test Executor 2' finished with non-zero exit 
value 1
	at org.gradle.process.internal.DefaultExecHandle$ExecResultImpl.assertNormalExitValue(DefaultExecHandle.j
ava:442)
	at org.gradle.process.internal.worker.DefaultWorkerProcess.onProcessStop(DefaultWorkerProcess.java:146)
	at org.gradle.process.internal.worker.DefaultWorkerProcess.access$000(DefaultWorkerProcess.java:43)
	at 
org.gradle.process.internal.worker.DefaultWorkerProcess$1.executionFinished(DefaultWorkerProcess.java:99)
	at java.base/jdk.internal.reflect.DirectMethodHandleAccessor.invoke(Unknown Source)
	at java.base/java.lang.reflect.Method.invoke(Unknown Source)
	at org.gradle.internal.dispatch.ReflectionDispatch.dispatch(ReflectionDispatch.java:36)
	at org.gradle.internal.dispatch.ReflectionDispatch.dispatch(ReflectionDispatch.java:24)
	at org.gradle.internal.event.AbstractBroadcastDispatch.dispatch(AbstractBroadcastDispatch.java:44)
	at org.gradle.internal.event.BroadcastDispatch$SingletonDispatch.dispatch(BroadcastDispatch.java:270)
	at org.gradle.internal.event.BroadcastDispatch$SingletonDispatch.dispatch(BroadcastDispatch.java:172)
	at org.gradle.internal.event.ListenerBroadcast.dispatch(ListenerBroadcast.java:160)
	at org.gradle.internal.event.ListenerBroadcast.dispatch(ListenerBroadcast.java:37)
	at org.gradle.internal.dispatch.ProxyDispatchAdapter$DispatchingInvocationHandler.invoke(ProxyDispatchAda
pter.java:92)
	at jdk.proxy1/jdk.proxy1.$Proxy151.executionFinished(Unknown Source)
	at org.gradle.process.internal.DefaultExecHandle.setEndStateInfo(DefaultExecHandle.java:221)
	at org.gradle.process.internal.DefaultExecHandle.finished(DefaultExecHandle.java:381)
	at org.gradle.process.internal.ExecHandleRunner.completed(ExecHandleRunner.java:134)
	at org.gradle.process.internal.ExecHandleRunner.lambda$run$2(ExecHandleRunner.java:97)
	at org.gradle.internal.operations.CurrentBuildOperationRef.with(CurrentBuildOperationRef.java:84)
	at org.gradle.process.internal.ExecHandleRunner.run(ExecHandleRunner.java:95)
	at org.gradle.internal.concurrent.ExecutorPolicy$CatchAndRecordFailures.onExecute(ExecutorPolicy.java:64)
	at org.gradle.internal.concurrent.AbstractManagedExecutor$1.run(AbstractManagedExecutor.java:47)
	at java.base/java.util.concurrent.ThreadPoolExecutor.runWorker(Unknown Source)
	at java.base/java.util.concurrent.ThreadPoolExecutor$Worker.run(Unknown Source)
	at java.base/java.lang.Thread.run(Unknown Source)
Error: Could not find or load main class Files
Caused by: java.lang.ClassNotFoundException: Files
Process 'Gradle Test Executor 3' finished with non-zero exit value 1
org.gradle.process.internal.ExecException: Process 'Gradle Test Executor 3' finished with non-zero exit 
value 1
	at org.gradle.process.internal.DefaultExecHandle$ExecResultImpl.assertNormalExitValue(DefaultExecHandle.j
ava:442)
	at org.gradle.process.internal.worker.DefaultWorkerProcess.onProcessStop(DefaultWorkerProcess.java:146)
	at org.gradle.process.internal.worker.DefaultWorkerProcess.access$000(DefaultWorkerProcess.java:43)
	at 
org.gradle.process.internal.worker.DefaultWorkerProcess$1.executionFinished(DefaultWorkerProcess.java:99)
	at java.base/jdk.internal.reflect.DirectMethodHandleAccessor.invoke(Unknown Source)
	at java.base/java.lang.reflect.Method.invoke(Unknown Source)
	at org.gradle.internal.dispatch.ReflectionDispatch.dispatch(ReflectionDispatch.java:36)
	at org.gradle.internal.dispatch.ReflectionDispatch.dispatch(ReflectionDispatch.java:24)
	at org.gradle.internal.event.AbstractBroadcastDispatch.dispatch(AbstractBroadcastDispatch.java:44)
	at org.gradle.internal.event.BroadcastDispatch$SingletonDispatch.dispatch(BroadcastDispatch.java:270)
	at org.gradle.internal.event.BroadcastDispatch$SingletonDispatch.dispatch(BroadcastDispatch.java:172)
	at org.gradle.internal.event.ListenerBroadcast.dispatch(ListenerBroadcast.java:160)
	at org.gradle.internal.event.ListenerBroadcast.dispatch(ListenerBroadcast.java:37)
	at org.gradle.internal.dispatch.ProxyDispatchAdapter$DispatchingInvocationHandler.invoke(ProxyDispatchAda
pter.java:92)
	at jdk.proxy1/jdk.proxy1.$Proxy151.executionFinished(Unknown Source)
	at org.gradle.process.internal.DefaultExecHandle.setEndStateInfo(DefaultExecHandle.java:221)
	at org.gradle.process.internal.DefaultExecHandle.finished(DefaultExecHandle.java:381)
	at org.gradle.process.internal.ExecHandleRunner.completed(ExecHandleRunner.java:134)
	at org.gradle.process.internal.ExecHandleRunner.lambda$run$2(ExecHandleRunner.java:97)
	at org.gradle.internal.operations.CurrentBuildOperationRef.with(CurrentBuildOperationRef.java:84)
	at org.gradle.process.internal.ExecHandleRunner.run(ExecHandleRunner.java:95)
	at org.gradle.internal.concurrent.ExecutorPolicy$CatchAndRecordFailures.onExecute(ExecutorPolicy.java:64)
	at org.gradle.internal.concurrent.AbstractManagedExecutor$1.run(AbstractManagedExecutor.java:47)
	at java.base/java.util.concurrent.ThreadPoolExecutor.runWorker(Unknown Source)
	at java.base/java.util.concurrent.ThreadPoolExecutor$Worker.run(Unknown Source)
	at java.base/java.lang.Thread.run(Unknown Source)
Error: Could not find or load main class Files
Caused by: java.lang.ClassNotFoundException: Files
Process 'Gradle Test Executor 4' finished with non-zero exit value 1
org.gradle.process.internal.ExecException: Process 'Gradle Test Executor 4' finished with non-zero exit 
value 1
	at org.gradle.process.internal.DefaultExecHandle$ExecResultImpl.assertNormalExitValue(DefaultExecHandle.j
ava:442)
	at org.gradle.process.internal.worker.DefaultWorkerProcess.onProcessStop(DefaultWorkerProcess.java:146)
	at org.gradle.process.internal.worker.DefaultWorkerProcess.access$000(DefaultWorkerProcess.java:43)
	at 
org.gradle.process.internal.worker.DefaultWorkerProcess$1.executionFinished(DefaultWorkerProcess.java:99)
	at java.base/jdk.internal.reflect.DirectMethodHandleAccessor.invoke(Unknown Source)
	at java.base/java.lang.reflect.Method.invoke(Unknown Source)
	at org.gradle.internal.dispatch.ReflectionDispatch.dispatch(ReflectionDispatch.java:36)
	at org.gradle.internal.dispatch.ReflectionDispatch.dispatch(ReflectionDispatch.java:24)
	at org.gradle.internal.event.AbstractBroadcastDispatch.dispatch(AbstractBroadcastDispatch.java:44)
	at org.gradle.internal.event.BroadcastDispatch$SingletonDispatch.dispatch(BroadcastDispatch.java:270)
	at org.gradle.internal.event.BroadcastDispatch$SingletonDispatch.dispatch(BroadcastDispatch.java:172)
	at org.gradle.internal.event.ListenerBroadcast.dispatch(ListenerBroadcast.java:160)
	at org.gradle.internal.event.ListenerBroadcast.dispatch(ListenerBroadcast.java:37)
	at org.gradle.internal.dispatch.ProxyDispatchAdapter$DispatchingInvocationHandler.invoke(ProxyDispatchAda
pter.java:92)
	at jdk.proxy1/jdk.proxy1.$Proxy151.executionFinished(Unknown Source)
	at org.gradle.process.internal.DefaultExecHandle.setEndStateInfo(DefaultExecHandle.java:221)
	at org.gradle.process.internal.DefaultExecHandle.finished(DefaultExecHandle.java:381)
	at org.gradle.process.internal.ExecHandleRunner.completed(ExecHandleRunner.java:134)
	at org.gradle.process.internal.ExecHandleRunner.lambda$run$2(ExecHandleRunner.java:97)
	at org.gradle.internal.operations.CurrentBuildOperationRef.with(CurrentBuildOperationRef.java:84)
	at org.gradle.process.internal.ExecHandleRunner.run(ExecHandleRunner.java:95)
	at org.gradle.internal.concurrent.ExecutorPolicy$CatchAndRecordFailures.onExecute(ExecutorPolicy.java:64)
	at org.gradle.internal.concurrent.AbstractManagedExecutor$1.run(AbstractManagedExecutor.java:47)
	at java.base/java.util.concurrent.ThreadPoolExecutor.runWorker(Unknown Source)
	at java.base/java.util.concurrent.ThreadPoolExecutor$Worker.run(Unknown Source)
	at java.base/java.lang.Thread.run(Unknown Source)
Error: Could not find or load main class Files
Caused by: java.lang.ClassNotFoundException: Files
Process 'Gradle Test Executor 5' finished with non-zero exit value 1
org.gradle.process.internal.ExecException: Process 'Gradle Test Executor 5' finished with non-zero exit 
value 1
	at org.gradle.process.internal.DefaultExecHandle$ExecResultImpl.assertNormalExitValue(DefaultExecHandle.j
ava:442)
	at org.gradle.process.internal.worker.DefaultWorkerProcess.onProcessStop(DefaultWorkerProcess.java:146)
	at org.gradle.process.internal.worker.DefaultWorkerProcess.access$000(DefaultWorkerProcess.java:43)
	at 
org.gradle.process.internal.worker.DefaultWorkerProcess$1.executionFinished(DefaultWorkerProcess.java:99)
	at java.base/jdk.internal.reflect.DirectMethodHandleAccessor.invoke(Unknown Source)
	at java.base/java.lang.reflect.Method.invoke(Unknown Source)
	at org.gradle.internal.dispatch.ReflectionDispatch.dispatch(ReflectionDispatch.java:36)
	at org.gradle.internal.dispatch.ReflectionDispatch.dispatch(ReflectionDispatch.java:24)
	at org.gradle.internal.event.AbstractBroadcastDispatch.dispatch(AbstractBroadcastDispatch.java:44)
	at org.gradle.internal.event.BroadcastDispatch$SingletonDispatch.dispatch(BroadcastDispatch.java:270)
	at org.gradle.internal.event.BroadcastDispatch$SingletonDispatch.dispatch(BroadcastDispatch.java:172)
	at org.gradle.internal.event.ListenerBroadcast.dispatch(ListenerBroadcast.java:160)
	at org.gradle.internal.event.ListenerBroadcast.dispatch(ListenerBroadcast.java:37)
	at org.gradle.internal.dispatch.ProxyDispatchAdapter$DispatchingInvocationHandler.invoke(ProxyDispatchAda
pter.java:92)
	at jdk.proxy1/jdk.proxy1.$Proxy151.executionFinished(Unknown Source)
	at org.gradle.process.internal.DefaultExecHandle.setEndStateInfo(DefaultExecHandle.java:221)
	at org.gradle.process.internal.DefaultExecHandle.finished(DefaultExecHandle.java:381)
	at org.gradle.process.internal.ExecHandleRunner.completed(ExecHandleRunner.java:134)
	at org.gradle.process.internal.ExecHandleRunner.lambda$run$2(ExecHandleRunner.java:97)
	at org.gradle.internal.operations.CurrentBuildOperationRef.with(CurrentBuildOperationRef.java:84)
	at org.gradle.process.internal.ExecHandleRunner.run(ExecHandleRunner.java:95)
	at org.gradle.internal.concurrent.ExecutorPolicy$CatchAndRecordFailures.onExecute(ExecutorPolicy.java:64)
	at org.gradle.internal.concurrent.AbstractManagedExecutor$1.run(AbstractManagedExecutor.java:47)
	at java.base/java.util.concurrent.ThreadPoolExecutor.runWorker(Unknown Source)
	at java.base/java.util.concurrent.ThreadPoolExecutor$Worker.run(Unknown Source)
	at java.base/java.lang.Thread.run(Unknown Source)
Error: Could not find or load main class Files
Caused by: java.lang.ClassNotFoundException: Files
Process 'Gradle Test Executor 6' finished with non-zero exit value 1
org.gradle.process.internal.ExecException: Process 'Gradle Test Executor 6' finished with non-zero exit 
value 1
	at org.gradle.process.internal.DefaultExecHandle$ExecResultImpl.assertNormalExitValue(DefaultExecHandle.j
ava:442)
	at org.gradle.process.internal.worker.DefaultWorkerProcess.onProcessStop(DefaultWorkerProcess.java:146)
	at org.gradle.process.internal.worker.DefaultWorkerProcess.access$000(DefaultWorkerProcess.java:43)
	at 
org.gradle.process.internal.worker.DefaultWorkerProcess$1.executionFinished(DefaultWorkerProcess.java:99)
	at java.base/jdk.internal.reflect.DirectMethodHandleAccessor.invoke(Unknown Source)
	at java.base/java.lang.reflect.Method.invoke(Unknown Source)
	at org.gradle.internal.dispatch.ReflectionDispatch.dispatch(ReflectionDispatch.java:36)
	at org.gradle.internal.dispatch.ReflectionDispatch.dispatch(ReflectionDispatch.java:24)
	at org.gradle.internal.event.AbstractBroadcastDispatch.dispatch(AbstractBroadcastDispatch.java:44)
	at org.gradle.internal.event.BroadcastDispatch$SingletonDispatch.dispatch(BroadcastDispatch.java:270)
	at org.gradle.internal.event.BroadcastDispatch$SingletonDispatch.dispatch(BroadcastDispatch.java:172)
	at org.gradle.internal.event.ListenerBroadcast.dispatch(ListenerBroadcast.java:160)
	at org.gradle.internal.event.ListenerBroadcast.dispatch(ListenerBroadcast.java:37)
	at org.gradle.internal.dispatch.ProxyDispatchAdapter$DispatchingInvocationHandler.invoke(ProxyDispatchAda
pter.java:92)
	at jdk.proxy1/jdk.proxy1.$Proxy151.executionFinished(Unknown Source)
	at org.gradle.process.internal.DefaultExecHandle.setEndStateInfo(DefaultExecHandle.java:221)
	at org.gradle.process.internal.DefaultExecHandle.finished(DefaultExecHandle.java:381)
	at org.gradle.process.internal.ExecHandleRunner.completed(ExecHandleRunner.java:134)
	at org.gradle.process.internal.ExecHandleRunner.lambda$run$2(ExecHandleRunner.java:97)
	at org.gradle.internal.operations.CurrentBuildOperationRef.with(CurrentBuildOperationRef.java:84)
	at org.gradle.process.internal.ExecHandleRunner.run(ExecHandleRunner.java:95)
	at org.gradle.internal.concurrent.ExecutorPolicy$CatchAndRecordFailures.onExecute(ExecutorPolicy.java:64)
	at org.gradle.internal.concurrent.AbstractManagedExecutor$1.run(AbstractManagedExecutor.java:47)
	at java.base/java.util.concurrent.ThreadPoolExecutor.runWorker(Unknown Source)
	at java.base/java.util.concurrent.ThreadPoolExecutor$Worker.run(Unknown Source)
	at java.base/java.lang.Thread.run(Unknown Source)

[Incubating] Problems report is available at: file:///C:/Users/chait/Projects/Offline_games/build/reports/problems/problems-report.html

FAILURE: Build failed with an exception.

* What went wrong:
Execution failed for task ':games:testDebugUnitTest'.
> Process 'Gradle Test Executor 1' finished with non-zero exit value 1

* Try:
> Run with --info or --debug option to get more log output.
> Run with --scan to get full insights.
> Get more help at https://help.gradle.org.

* Exception is:
org.gradle.api.tasks.TaskExecutionException: Execution failed for task ':games:testDebugUnitTest'.
	at org.gradle.api.internal.tasks.execution.ExecuteActionsTaskExecuter.lambda$executeIfValid$1(ExecuteActi
onsTaskExecuter.java:130)
	at org.gradle.internal.Try$Failure.ifSuccessfulOrElse(Try.java:289)
	at org.gradle.api.internal.tasks.execution.ExecuteActionsTaskExecuter.executeIfValid(ExecuteActionsTaskEx
ecuter.java:128)
	at org.gradle.api.internal.tasks.execution.ExecuteActionsTaskExecuter.execute(ExecuteActionsTaskExecuter.
java:116)
	at org.gradle.api.internal.tasks.execution.ProblemsTaskPathTrackingTaskExecuter.execute(ProblemsTaskPathT
rackingTaskExecuter.java:41)
	at org.gradle.api.internal.tasks.execution.FinalizePropertiesTaskExecuter.execute(FinalizePropertiesTaskE
xecuter.java:46)
	at org.gradle.api.internal.tasks.execution.ResolveTaskExecutionModeExecuter.execute(ResolveTaskExecutionM
odeExecuter.java:51)
	at org.gradle.api.internal.tasks.execution.SkipTaskWithNoActionsExecuter.execute(SkipTaskWithNoActionsExe
cuter.java:57)
	at org.gradle.api.internal.tasks.execution.SkipOnlyIfTaskExecuter.execute(SkipOnlyIfTaskExecuter.java:74)
	at org.gradle.api.internal.tasks.execution.CatchExceptionTaskExecuter.execute(CatchExceptionTaskExecuter.
java:36)
	at org.gradle.api.internal.tasks.execution.EventFiringTaskExecuter$1.executeTask(EventFiringTaskExecuter.
java:77)
	at 
org.gradle.api.internal.tasks.execution.EventFiringTaskExecuter$1.call(EventFiringTaskExecuter.java:55)
	at 
org.gradle.api.internal.tasks.execution.EventFiringTaskExecuter$1.call(EventFiringTaskExecuter.java:52)
	at org.gradle.internal.operations.DefaultBuildOperationRunner$CallableBuildOperationWorker.execute(Defaul
tBuildOperationRunner.java:209)
	at org.gradle.internal.operations.DefaultBuildOperationRunner$CallableBuildOperationWorker.execute(Defaul
tBuildOperationRunner.java:204)
	at 
org.gradle.internal.operations.DefaultBuildOperationRunner$2.execute(DefaultBuildOperationRunner.java:66)
	at 
org.gradle.internal.operations.DefaultBuildOperationRunner$2.execute(DefaultBuildOperationRunner.java:59)
	at 
org.gradle.internal.operations.DefaultBuildOperationRunner.execute(DefaultBuildOperationRunner.java:166)
	at 
org.gradle.internal.operations.DefaultBuildOperationRunner.execute(DefaultBuildOperationRunner.java:59)
	at org.gradle.internal.operations.DefaultBuildOperationRunner.call(DefaultBuildOperationRunner.java:53)
	at 
org.gradle.api.internal.tasks.execution.EventFiringTaskExecuter.execute(EventFiringTaskExecuter.java:52)
	at org.gradle.execution.plan.LocalTaskNodeExecutor.execute(LocalTaskNodeExecutor.java:42)
	at org.gradle.execution.taskgraph.DefaultTaskExecutionGraph$InvokeNodeExecutorsAction.execute(DefaultTask
ExecutionGraph.java:331)
	at org.gradle.execution.taskgraph.DefaultTaskExecutionGraph$InvokeNodeExecutorsAction.execute(DefaultTask
ExecutionGraph.java:318)
	at org.gradle.execution.taskgraph.DefaultTaskExecutionGraph$BuildOperationAwareExecutionAction.lambda$exe
cute$0(DefaultTaskExecutionGraph.java:314)
	at org.gradle.internal.operations.CurrentBuildOperationRef.with(CurrentBuildOperationRef.java:84)
	at org.gradle.execution.taskgraph.DefaultTaskExecutionGraph$BuildOperationAwareExecutionAction.execute(De
faultTaskExecutionGraph.java:314)
	at org.gradle.execution.taskgraph.DefaultTaskExecutionGraph$BuildOperationAwareExecutionAction.execute(De
faultTaskExecutionGraph.java:303)
	at org.gradle.execution.plan.DefaultPlanExecutor$ExecutorWorker.execute(DefaultPlanExecutor.java:459)
	at org.gradle.execution.plan.DefaultPlanExecutor$ExecutorWorker.run(DefaultPlanExecutor.java:376)
	at org.gradle.internal.concurrent.ExecutorPolicy$CatchAndRecordFailures.onExecute(ExecutorPolicy.java:64)
	at org.gradle.internal.concurrent.AbstractManagedExecutor$1.run(AbstractManagedExecutor.java:47)
Caused by: org.gradle.process.internal.ExecException: Process 'Gradle Test Executor 1' finished with 
non-zero exit value 1
	at org.gradle.process.internal.DefaultExecHandle$ExecResultImpl.assertNormalExitValue(DefaultExecHandle.j
ava:442)
	at org.gradle.process.internal.worker.DefaultWorkerProcess.onProcessStop(DefaultWorkerProcess.java:146)
	at org.gradle.process.internal.worker.DefaultWorkerProcess.access$000(DefaultWorkerProcess.java:43)
	at 
org.gradle.process.internal.worker.DefaultWorkerProcess$1.executionFinished(DefaultWorkerProcess.java:99)
	at java.base/jdk.internal.reflect.DirectMethodHandleAccessor.invoke(Unknown Source)
	at org.gradle.internal.dispatch.ReflectionDispatch.dispatch(ReflectionDispatch.java:36)
	at org.gradle.internal.dispatch.ReflectionDispatch.dispatch(ReflectionDispatch.java:24)
	at org.gradle.internal.event.AbstractBroadcastDispatch.dispatch(AbstractBroadcastDispatch.java:44)
	at org.gradle.internal.event.BroadcastDispatch$SingletonDispatch.dispatch(BroadcastDispatch.java:270)
	at org.gradle.internal.event.BroadcastDispatch$SingletonDispatch.dispatch(BroadcastDispatch.java:172)
	at org.gradle.internal.event.ListenerBroadcast.dispatch(ListenerBroadcast.java:160)
	at org.gradle.internal.event.ListenerBroadcast.dispatch(ListenerBroadcast.java:37)
	at org.gradle.internal.dispatch.ProxyDispatchAdapter$DispatchingInvocationHandler.invoke(ProxyDispatchAda
pter.java:92)
	at jdk.proxy1/jdk.proxy1.$Proxy151.executionFinished(Unknown Source)
	at org.gradle.process.internal.DefaultExecHandle.setEndStateInfo(DefaultExecHandle.java:221)
	at org.gradle.process.internal.DefaultExecHandle.finished(DefaultExecHandle.java:381)
	at org.gradle.process.internal.ExecHandleRunner.completed(ExecHandleRunner.java:134)
	at org.gradle.process.internal.ExecHandleRunner.lambda$run$2(ExecHandleRunner.java:97)
	at org.gradle.internal.operations.CurrentBuildOperationRef.with(CurrentBuildOperationRef.java:84)
	at org.gradle.process.internal.ExecHandleRunner.run(ExecHandleRunner.java:95)
	at org.gradle.internal.concurrent.ExecutorPolicy$CatchAndRecordFailures.onExecute(ExecutorPolicy.java:64)
	at org.gradle.internal.concurrent.AbstractManagedExecutor$1.run(AbstractManagedExecutor.java:47)


Deprecated Gradle features were used in this build, making it incompatible with Gradle 10.0.

You can use '--warning-mode all' to show the individual deprecation warnings and determine if they come from your own scripts or plugins.

For more on this, please refer to https://docs.gradle.org/9.0-milestone-1/userguide/command_line_interface.html#sec:command_line_warnings in the Gradle documentation.

BUILD FAILED in 31s
55 actionable tasks: 1 executed, 54 up-to-date
